// Vitest Snapshot v1, https://vitest.dev/guide/snapshot.html

exports[`DiffPanel — 스냅샷 > 파일 3건 + patch 렌더 1`] = `
<div>
  <div
    class="p-3 space-y-1.5"
  >
    <div
      class="text-[calc(10px_*_var(--app-font-scale,1))] text-text-tertiary mb-2"
    >
      3
      개 파일 변경 · 
      +3 -1
    </div>
    <div
      class="flex items-center gap-2 px-2.5 py-1.5 rounded-lg hover:bg-bg-surface/50 group"
    >
      <span
        class="text-[calc(8px_*_var(--app-font-scale,1))] px-1 py-0.5 rounded font-medium text-clauday-orange bg-clauday-orange/10"
      >
        수정
      </span>
      <span
        class="text-[calc(11px_*_var(--app-font-scale,1))] text-text-primary truncate flex-1 font-mono"
      >
        a.ts
      </span>
    </div>
    <div
      class="flex items-center gap-2 px-2.5 py-1.5 rounded-lg hover:bg-bg-surface/50 group"
    >
      <span
        class="text-[calc(8px_*_var(--app-font-scale,1))] px-1 py-0.5 rounded font-medium text-emerald-400 bg-emerald-400/10"
      >
        추가
      </span>
      <span
        class="text-[calc(11px_*_var(--app-font-scale,1))] text-text-primary truncate flex-1 font-mono"
      >
        b.ts
      </span>
    </div>
    <div
      class="flex items-center gap-2 px-2.5 py-1.5 rounded-lg hover:bg-bg-surface/50 group"
    >
      <span
        class="text-[calc(8px_*_var(--app-font-scale,1))] px-1 py-0.5 rounded font-medium text-red-400 bg-red-400/10"
      >
        삭제
      </span>
      <span
        class="text-[calc(11px_*_var(--app-font-scale,1))] text-text-primary truncate flex-1 font-mono"
      >
        c.ts
      </span>
    </div>
    <div
      class="mt-3"
    >
      <div
        class="text-[calc(10px_*_var(--app-font-scale,1))] text-text-tertiary mb-1"
      >
        Diff 미리보기
      </div>
      <pre
        class="text-[calc(9px_*_var(--app-font-scale,1))] leading-relaxed font-mono bg-bg-primary rounded-lg p-3 overflow-x-auto max-h-[400px] overflow-y-auto border border-bg-border"
      >
        <div
          class="text-clauday-blue"
        >
          @@ -1,1 +1,1 @@
        </div>
        <div
          class="text-emerald-400 bg-emerald-400/5"
        >
          +added
        </div>
        <div
          class="text-red-400 bg-red-400/5"
        >
          -removed
        </div>
      </pre>
    </div>
  </div>
</div>
`;
